// Jest Snapshot v1, https://goo.gl/fbAQLP

exports[`App component renders the UI as expected 1`] = `
<div
  className="App"
>
  <header
    className="App__header"
  >
    <nav
      className="NavBar"
    >
      <svg
        aria-hidden="true"
        className="svg-inline--fa fa-bars fa-w-14 NavBar__navbar-toggle"
        data-icon="bars"
        data-prefix="fas"
        focusable="false"
        onClick={[Function]}
        role="img"
        style={Object {}}
        viewBox="0 0 448 512"
        xmlns="http://www.w3.org/2000/svg"
      >
        <path
          d="M16 132h416c8.837 0 16-7.163 16-16V76c0-8.837-7.163-16-16-16H16C7.163 60 0 67.163 0 76v40c0 8.837 7.163 16 16 16zm0 160h416c8.837 0 16-7.163 16-16v-40c0-8.837-7.163-16-16-16H16c-8.837 0-16 7.163-16 16v40c0 8.837 7.163 16 16 16zm0 160h416c8.837 0 16-7.163 16-16v-40c0-8.837-7.163-16-16-16H16c-8.837 0-16 7.163-16 16v40c0 8.837 7.163 16 16 16z"
          fill="currentColor"
          style={Object {}}
        />
      </svg>
      <h2>
        <a
          href="/activity/[object Object]"
          onClick={[Function]}
        >
          S.T.Saver
        </a>
      </h2>
      <ul
        className="NavBar__main-nav"
        id="js-menu"
      >
        <li>
          <a
            className="NavBar__nav-links"
            href="/"
            onClick={[Function]}
          >
            Login
          </a>
        </li>
        <li>
          <a
            className="NavBar__nav-links"
            href="/register"
            onClick={[Function]}
          >
            Register
          </a>
        </li>
      </ul>
    </nav>
  </header>
  <main
    className="App__main"
  >
    <div
      className="LandingPage"
    >
      <header
        className="LandingPage__header"
      >
        <h1>
          Screen Time Saver
        </h1>
        <div
          className="LandingPage__login"
        >
          <form
            className="LoginForm"
            onSubmit={[Function]}
          >
            <div
              className="LoginForm__header"
            >
              <h2>
                Login Here
              </h2>
            </div>
            <div
              role="alert"
            />
            <div
              className="LoginForm__form-section"
            >
              <label
                htmlFor="username"
              >
                Username
              </label>
              <input
                className="Input "
                id="username"
                name="username"
                type="text"
              />
            </div>
            <div
              className="LoginForm__form-section"
            >
              <label
                htmlFor="password"
              >
                Password
              </label>
              <input
                className="Input "
                id="password"
                name="password"
                type="password"
              />
            </div>
            <div
              className="LoginForm__buttons"
            >
              <button
                className="Button "
                type="submit"
              >
                Login
              </button>
              <button
                className="Button LoginForm__demo"
                onClick={[Function]}
              >
                Demo
              </button>
            </div>
          </form>
        </div>
      </header>
      <div
        className="LandingPage__descriptions-container"
      >
        <section
          className="LandingPage__description"
        >
          <div
            className="LandingPage__description-content"
          >
            <h3>
              Keep track of your screen time
            </h3>
            <p>
              Keep logs of you screen time sessions and set goals to limit the amount of exposure. Track how how much time you spend on your computer, phone, tablet, or television.
            </p>
          </div>
          <div
            className="LandingPage__description-image"
          >
            <img
              alt="screenshot of activity page"
              src="STSaver-activity-page.png"
            />
          </div>
        </section>
        <section
          className="LandingPage__description"
        >
          <div
            className="LandingPage__description-content-2"
          >
            <h3>
              Manage your screen time
            </h3>
            <p>
              Set a timer to get a reminder to take a break. A good rule to follow is the 20-20-20 rule, which is to take a break every 20 minutes by looking at an object 20 feet away for 20 seconds.
            </p>
          </div>
          <div
            className="LandingPage__description-image"
          >
            <img
              alt="screenshot of timer page"
              src="STSaver-timer-page.png"
            />
          </div>
        </section>
      </div>
    </div>
  </main>
</div>
`;
