// Jest Snapshot v1, https://goo.gl/fbAQLP

exports[`RegistrationForm component renders the form as expected 1`] = `
<form
  className="RegistrationForm"
  onSubmit={[Function]}
>
  <div
    className="RegistrationForm__form-section"
  >
    <label
      htmlFor="first_name"
    >
      First name
    </label>
    <input
      id="first_name"
      name="first_name"
      required={true}
      type="text"
    />
  </div>
  <div
    className="RegistrationForm__form-section"
  >
    <label
      htmlFor="last_name"
    >
      Last name
    </label>
    <input
      id="last_name"
      name="last_name"
      required={true}
      type="text"
    />
  </div>
  <div
    className="RegistrationForm__form-section"
  >
    <label
      htmlFor="username"
    >
      Username
    </label>
    <input
      id="username"
      name="username"
      required={true}
      type="text"
    />
  </div>
  <div
    className="RegistrationForm__form-section"
  >
    <label
      htmlFor="password"
    >
      Password
    </label>
    <input
      id="password"
      name="password"
      required={true}
      type="password"
    />
  </div>
  <div
    className="RegistrationForm__buttons"
  >
    <button
      type="submit"
    >
      Register
    </button>
    <button
      onClick={[Function]}
    >
      Cancel
    </button>
  </div>
</form>
`;
